// Jest Snapshot v1, https://goo.gl/fbAQLP

exports[`HelloWorld.vue renders correctly 1`] = `
<div>
  <h1></h1>
</div>
`;
