// Jest Snapshot v1, https://goo.gl/fbAQLP

exports[`BaseButton.vue renders correctly 1`] = `<button>Button</button>`;
